PEEKABOO_ROLLER
Marc_Anthony_True_Professional_Oil_of_Morocco_Argan_Oil_Treatment
PEPSI_NEXT_CACRV
Room_Essentials_Bowl_Turquiose
Epson_T5803_Ink_Cartridge_Magenta_1pack
Office_Depot_Dell_Series_11_Remanufactured_Ink_Cartridge_Black
Womens_Multi_13
Rexy_Glove_Heavy_Duty_Large
Ecoforms_Plant_Saucer_SQ8COR
Cole_Hardware_Antislip_Surfacing_White_2_x_60
Epson_UltraChrome_T0548_Ink_Cartridge_Matte_Black_1pack
Cole_Hardware_Dishtowel_Blue
Mens_Billfish_Ultra_Lite_Boat_Shoe_in_Dark_Brown_Blue_c6zDZTtRJr6
PhosphOmega
Lactoferrin
Nestle_Pure_Life_Exotics_Sparkling_Water_Strawberry_Dragon_Fruit_8_count_12_fl_oz_can_aX0ygjh3bxi
Poppin_File_Sorter_Pink
Down_To_Earth_Orchid_Pot_Ceramic_Lime
Granimals_20_Wooden_ABC_Blocks_Wagon_85VdSftGsLi
Reebok_R_CROSSFIT_OLY_UFORM
Olive_Kids_Game_On_Lunch_Box
Down_To_Earth_Ceramic_Orchid_Pot_Asst_Blue
BIA_Cordon_Bleu_White_Porcelain_Utensil_Holder_900028
F5_TRX_FG
Lego_Friends_Mia
Granimals_20_Wooden_ABC_Blocks_Wagon_g2TinmUGGHI
Sleep_Optimizer
Womens_Suede_Bahama_in_Graphite_Suede_p1KUwoWbw7R
Squirt_Strain_Fruit_Basket
Ecoforms_Plant_Container_Quadra_Sand_QP6
Avengers_Thor_PLlrpYniaeB
Samoa_onepiece
SORTING_TRAIN
TOP_TEN_HI_60KlbRbdoJA
HAMMER_BALL
Razer_Blackwidow_Tournament_Edition_Keyboard
Ecoforms_Plant_Bowl_Turquoise_7
Olive_Kids_Birdie_Lunch_Box
Razer_Kraken_Pro_headset_Full_size_Black
Phillips_Colon_Health_Probiotic_Capsule
FARM_ANIMAL
Kotex_U_Barely_There_Liners_Thin_60_count
Mens_Gold_Cup_ASV_Dress_Casual_Venetian_in_Dark_Brown_Leather
Copperhead_Snake_Tieks_Brown_Snake_Print_Ballet_Flats
Ecoforms_Plant_Saucer_S20MOCHA
Reebok_TURBO_RC
Office_Depot_Canon_PG21XL_Remanufactured_Ink_Cartridge_Black
Crayola_Model_Magic_Modeling_Material_Single_Packs_6_pack_05_oz_packs
Twinlab_Premium_Creatine_Fuel_Powder
Perricone_MD_Face_Finishing_Moisturizer_4_oz
BUILD_A_ZOO
