Santa_Cruz_Mens
Great_Jones_Wingtip
Wild_Copper_Tieks_Metallic_Italian_Leather_Ballet_Flats
Just_For_Men_Mustache_Beard_Brushin_Hair_Color_Gel_MediumDark_Brown_M40
Little_Debbie_Donut_Sticks_6_cake_donuts_10_oz_total
OVAL_XYLOPHONE
Reebok_EASYTONE_CL_LEATHER
Weston_No_33_Signature_Sausage_Tonic_12_fl_oz
VANS_FIRE_ROASTED_VEGGIE_CRACKERS_GLUTEN_FREE
Tieks_Ballet_Flats_Diamond_White_Croc
LEUCIPPUS_ADIPURE
Nescafe_Momento_Mocha_Specialty_Coffee_Mix_8_ct
Hyaluronic_Acid
My_First_Animal_Tower
Sushi_Mat
LEGO_City_Advent_Calendar
MINI_FIRE_ENGINE
ALPHABET_AZ_GRADIENT_WQb1ufEycSj
Cole_Hardware_Dishtowel_Stripe
Final_Fantasy_XIV_A_Realm_Reborn_60Day_Subscription
Crayola_Washable_Fingerpaint_Red_Blue_Yellow_3_count_8_fl_oz_bottes_each
Lovable_Huggable_Cuddly_Boutique_Teddy_Bear_Beige
BlackBlack_Nintendo_3DSXL
Perricone_MD_The_Metabolic_Formula_Supplements
Remington_TStudio_Hair_Dryer
Olive_Kids_Trains_Planes_Trucks_Bogo_Backpack
Schleich_Therizinosaurus_ln9cruulPqc
Threshold_Bead_Cereal_Bowl_White
Adrenaline_GTS_13_Color_DrkDenimWhtBachlorBttnSlvr_Size_50_yfK40TNjq0V
Seagate_3TB_Central_shared_storage
Ocedar_Snap_On_Dust_Pan_And_Brush_1_ct
Super_Mario_3D_World_Wii_U_Game
Reebok_TRIPLE_BREAK_LITE
Dino_3
Whey_Protein_Vanilla_12_Packets
The_Coffee_Bean_Tea_Leaf_KCup_Packs_Jasmine_Green_Tea_16_count
DIM_CDG
Magnifying_Glassassrt
PARENT_ROOM_FURNITURE_SET_1_DLKEy8H4mwK
Ecoforms_Plant_Container_URN_SAN
Dino_4
Asus_Z87PRO_Motherboard_ATX_LGA1150_Socket
Santa_Cruz_Mens_YmsMDkFf11Z
ZigKick_Hoops
Womens_Canvas_Bahama_in_Black_vnJULsDVyq5
Lenovo_Yoga_2_11
Mens_Billfish_Slip_On_in_Coffee_e8bPKE9Lfgo
Olive_Kids_Trains_Planes_Trucks_Munch_n_Lunch_Bag
Wilton_PreCut_Parchment_Sheets_10_x_15_24_sheets
Ecoforms_Plant_Container_QP6HARVEST
ASSORTED_VEGETABLE_SET
Asus_M5A99FX_PRO_R20_Motherboard_ATX_Socket_AM3
Creatine_Monohydrate
Dell_Ink_Cartridge
Ecoforms_Plant_Container_GP16A_Coral
FisherPrice_Make_A_Match_Game_Thomas_Friends
Mens_Mako_Canoe_Moc_2Eye_Boat_Shoe_in_OysterTaupe_otyRrfvPMiA
Womens_Bluefish_2Eye_Boat_Shoe_in_Tan
Playmates_Industrial_CoSplinter_Teenage_Mutant_Ninja_Turtle_Action_Figure
Black_and_Decker_PBJ2000_FusionBlade_Blender_Jars
Squirrel
DINNING_ROOM_FURNITURE_SET_1
Melissa_Doug_Felt_Food_Pizza_Set
Nestle_Nips_Hard_Candy_Peanut_Butter
LACING_SHEEP
InterDesign_Over_Door
Perricone_MD_High_Potency_Evening_Repair
JarroSil_Activated_Silicon
Reebok_DMX_MAX_MANIA_WD_D
Pokmon_X_Nintendo_3DS_Game
Paint_Maker
GEARS_PUZZLES_STANDARD_gcYxhNHhKlI
Womens_Sequin_Bahama_in_White_Sequin_XoR8xTlxj1g
Razer_Taipan_White_Ambidextrous_Gaming_Mouse
Melissa_Doug_Jumbo_Knob_Puzzles_Barnyard_Animals
MOSAIC
Office_Depot_Canon_PGI35_Remanufactured_Ink_Cartridge_Black
CoQ10
Perricone_MD_Vitamin_C_Ester_15
Reebok_SL_FLIP_UPDATE
Perricone_MD_AcylGlutathione_Deep_Crease_Serum
Toys_R_Us_Treat_Dispenser_Smart_Puzzle_Foobler
Hasbro_Monopoly_Hotels_Game
Melissa_Doug_Chunky_Puzzle_Vehicles
Grreatv_Choice_Dog_Bowl_Gray_Bones_Plastic_20_fl_oz_total
Nightmare_Before_Christmas_Collectors_Edition_Operation
STACKING_BEAR_V04KKgGBn2A
Mens_Striper_Sneaker_in_White_rnp8HUli59Y
Poppin_File_Sorter_White
Schleich_Bald_Eagle
3D_Dollhouse_Refrigerator
WATER_LANDING_NET
ACE_Coffee_Mug_Kristen_16_oz_cup
DOLL_FAMILY
Dixie_10_ounce_Bowls_35_ct
2_of_Jenga_Classic_Game
Android_Figure_Chrome
NAPA_VALLEY_NAVAJO_SANDAL
Tag_Dishtowel_Dobby_Stripe_Blue_18_x_26
Great_Jones_Wingtip_wxH3dbtlvBC
LEGO_Fusion_Set_Town_Master
CONE_SORTING
Sperry_TopSider_pSUFPWQXPp3
Office_Depot_HP_96_Remanufactured_Ink_Cartridge_Black
Baby_Elements_Stacking_Cups
Threshold_Porcelain_Serving_Bowl_Coupe_White
STACKING_RING
Sienna_Brown_Croc_Tieks_Patent_Leather_Crocodile_Print_Ballet_Flats
Elephant
Netgear_Nighthawk_X6_AC3200_TriBand_Gigabit_Wireless_Router
REEF_ZENFUN
Perricone_MD_Neuropeptide_Firming_Moisturizer
Olive_Kids_Butterfly_Garden_Pencil_Case
DANCING_ALLIGATOR_zoWBjc0jbTs
SpiderMan_Titan_Hero_12Inch_Action_Figure_oo1qph4wwiW
Ghost_6_Color_MdngtDenmPomBrtePnkSlvBlk_Size_50
PureFlow_2_Color_RylPurHibiscusBlkSlvrWht_Size_50
Ecoforms_Cup_B4_SAN
RJ_Rabbit_Easter_Basket_Blue
Netgear_N750_Wireless_Dual_Band_Gigabit_Router
Office_Depot_HP_564XL_Ink_Cartridge_Black_CN684WN
Room_Essentials_Kitchen_Towels_16_x_26_2_count
DPC_Thinsulate_Isolate_Gloves_Brown
Mens_Tremont_Kiltie_Tassel_Loafer_in_Black_Amaretto_rCdzRZqgCnI
Logitech_Ultimate_Ears_Boom_Wireless_Speaker_Night_Black
Timberland_Mens_Earthkeepers_Casco_Bay_Canvas_SlipOn
Ecoforms_Plant_Saucer_S14MOCHA
Crosley_Alarm_Clock_Vintage_Metal
California_Navy_Tieks_Italian_Leather_Ballet_Flats
Tag_Dishtowel_Basket_Weave_Red_18_x_26
Fruity_Friends
FRACTION_FUN_n4h4qte23QR
Tune_Belt_Sport_Armband_For_Samsung_Galaxy_S3
Womens_Bluefish_2Eye_Boat_Shoe_in_Linen_Natural_Sparkle_Suede_kqi81aojcOR
SAMe_200_KX7ZmOw47co
Perricone_MD_Skin_Total_Body_Supplements
PARENT_ROOM_FURNITURE_SET_1
UGG_Cambridge_Womens_Black_7
Avengers_Gamma_Green_Smash_Fists
UGG_Bailey_Button_Womens_Boots_Black_7
MIRACLE_POUNDING
3D_Dollhouse_Lamp
Perricone_MD_Photo_Plasma
Remington_TStudio_Silk_Ceramic_Hair_Straightener_2_Inch_Floating_Plates
Canon_Pixma_Ink_Cartridge_251_M
Cole_Hardware_Dishtowel_Red
Philips_Sonicare_Tooth_Brush_2_count
D_ROSE_45
Womens_Authentic_Original_Boat_Shoe_in_Classic_Brown_Leather_48Nh7VuMwW6
BAKING_UTENSILS
Retail_Leadership_Summit_tQFCizMt6g0
TWISTED_PUZZLE
KID_ROOM_FURNITURE_SET_1
Kingston_DT4000MR_G2_Management_Ready_USB_64GB
Melissa_Doug_Shape_Sorting_Clock
Top_Paw_Dog_Bowl_Blue_Paw_Bone_Ceramic_25_fl_oz_total
Schleich_Allosaurus
Crayola_Crayons_Washable_24_crayons
Footed_Bowl_Sand
BEDROOM_NEO
KITCHEN_FURNITURE_SET_1
Kid_Icarus_Uprising_Nintendo_3DS_Game
Twinlab_Nitric_Fuel
Unmellow_Yellow_Tieks_Neon_Patent_Leather_Ballet_Flats
TOWER_TUMBLING
Epson_DURABrite_Ultra_786_Black_Ink_Cartridge_T786120S
ZX700_mf9Pc06uL06
MINI_EXCAVATOR
STACKING_BEAR
Shark
Office_Depot_Canon_CLI_8Y_Ink_Cartridge_Yellow_0623B002
Reebok_STUDIO_BEAT_LOW_V
JUICER_SET
Travel_Smart_Neck_Rest_Inflatable
Nintendo_2DS_Crimson_Red
NESCAFE_NESCAFE_TC_STKS_DECAF_6_CT
LEGO_Bricks_More_Creative_Suitcase
Spritz_Easter_Basket_Plastic_Teal
Jarrow_Glucosamine_Chondroitin_Combination_120_Caps
OXO_Soft_Works_Can_Opener_SnapLock
Wrigley_Orbit_Mint_Variety_18_Count
Canon_Ink_Cartridge_Green_6
Room_Essentials_Dish_Drainer_Collapsible_White
PINEAPPLE_MARACA_6_PCSSET
Cole_Hardware_Orchid_Pot_85
Provence_Bath_Towel_Royal_Blue
Perricone_MD_Cold_Plasma
UGG_Bailey_Button_Triplet_Womens_Boots_Black_7
Razer_Naga_MMO_Gaming_Mouse
Olive_Kids_Game_On_Pack_n_Snack
Ecoforms_Plate_S20Avocado
Razer_BlackWidow_Ultimate_2014_Mechanical_Gaming_Keyboard
Real_Deal_1nIwCHX1MTh
Sterilite_Caddy_Blue_Sky_17_58_x_12_58_x_9_14
Progressive_Rubber_Spatulas_3_count
Black_and_Decker_TR3500SD_2Slice_Toaster
SLACK_CRUISER
Frozen_Scrabble_Jr
Perricone_MD_No_Bronzer_Bronzer
Reebok_FUELTRAIN
Glycerin_11_Color_AqrsDrsdnBluBlkSlvShckOrng_Size_50
Seagate_1TB_Backup_Plus_portable_drive_Silver
Olive_Kids_Dinosaur_Land_Munch_n_Lunch
Threshold_Porcelain_Spoon_Rest_White
ALPHABET_AZ_GRADIENT
Ecoforms_Plant_Saucer_SQ1HARVEST
Grreat_Choice_Dog_Double_Dish_Plastic_Blue
HAMMER_PEG
Closetmaid_Premium_Fabric_Cube_Red
Black_Elderberry_Syrup_54_oz_Gaia_Herbs
Envision_Home_Dish_Drying_Mat_Red_6_x_18
D_ROSE_773_II_hvInJwJ5HUD
Cole_Hardware_Butter_Dish_Square_Red
Shaxon_100_Molded_Category_6_RJ45RJ45_Shielded_Patch_Cord_White
Womens_Suede_Bahama_in_Graphite_Suede_cUAjIMhWSO9
Room_Essentials_Fabric_Cube_Lavender
Perricone_MD_Hypoallergenic_Gentle_Cleanser
Tory_Burch_Kiernan_Riding_Boot
Shurtape_Gaffers_Tape_Silver_2_x_60_yd
MEAT_SET
adiZero_Slide_2_SC
Crayola_Washable_Sidewalk_Chalk_16_pack
Threshold_Performance_Bath_Sheet_Sandoval_Blue_33_x_63
Just_For_Men_Mustache_Beard_Brushin_Hair_Color_Gel_Kit_Jet_Black_M60
Mens_Largo_Slip_On_in_Taupe_gooyS417q4R
HyperX_Cloud_II_Headset_Gun_Metal
Nestle_Pure_Life_Exotics_Sparkling_Water_Strawberry_Dragon_Fruit_8_count_12_fl_oz_can
Perricone_MD_Firming_Neck_Therapy_Treatment
Schleich_Lion_Action_Figure
Asus_Sabertooth_990FX_20_Motherboard_ATX_Socket_AM3
Schleich_African_Black_Rhino
Phillips_Stool_Softener_Liquid_Gels_30_liquid_gels
Reebok_JR_ZIG_COOPERSTOWN_MR
IsoRich_Soy
Crayola_Crayons_24_count
Cole_Hardware_Dishtowel_BlueWhite
F10_TRX_FG_ssscuo9tGxb
Womens_Bluefish_2Eye_Boat_Shoe_in_Linen_Oat_niKJKeWsmxY
Cole_Hardware_Dishtowel_Multicolors
Womens_Sequin_Bahama_in_White_Sequin_V9K1hf24Oxe
Beta_Glucan
Neat_Solutions_Character_Bib_2_pack
Sorry_Sliders_Board_Game
GARDEN_SWING
ASICS_GELLinksmaster_WhiteSilverCarolina_Blue
Tory_Burch_Kaitlin_Ballet_Mestico_in_BlackGold
DINING_ROOM_CLASSIC_UJuxQ0hv5XU
Santa_Cruz_Mens_vnbiTDDt5xH
Perricone_MD_Neuropeptide_Facial_Conformer
Markings_Letter_Holder
Fisher_price_Classic_Toys_Buzzy_Bee
Olive_Kids_Robots_Pencil_Case
PureConnect_2_Color_FernNightlifeSilverBlack_Size_70_5w0BYsiogeV
US_Army_Stash_Lunch_Bag
Sony_Acid_Music_Studio
Great_Jones_Wingtip_kAqSg6EgG0I
Womens_Bluefish_2Eye_Boat_Shoe_in_White_Tumbled_YG44xIePRHw
UGG_Classic_Tall_Womens_Boots_Chestnut_7
MK7
BATHROOM_FURNITURE_SET_1
Home_Fashions_Washcloth_Olive_Green
HAPPY_ENGINE
Horse_Dreams_Pencil_Case
Perricone_MD_Face_Finishing_Moisturizer
HyperX_Cloud_II_Headset_Red
ROAD_CONSTRUCTION_SET
ASICS_GEL1140V_WhiteBlackSilver
Swiss_Miss_Hot_Cocoa_KCups_Milk_Chocolate_12_count
Olive_Kids_Birdie_Pack_n_Snack
Crayola_Washable_Sidewalk_Chalk_16_pack_wDZECiw7J6s
ASICS_GELDirt_Dog_4_SunFlameBlack
Olive_Kids_Birdie_Sidekick_Backpack
Philips_60ct_Warm_White_LED_Smooth_Mini_String_Lights
Lovestruck_Tieks_Glittery_Rose_Gold_Italian_Leather_Ballet_Flats
Chefmate_8_Frypan
Perricone_MD_Hypoallergenic_Firming_Eye_Cream_05_oz
Thomas_Friends_Woodan_Railway_Henry
ReadytoUse_Rolled_Fondant_Pure_White_24_oz_box
Sperry_TopSider_tNB9t6YBUf3
FRUIT_VEGGIE_DOMINO_GRADIENT
Ecoforms_Plant_Container_QP_Harvest
Threshold_Salad_Plate_Square_Rim_Porcelain
Mens_Bahama_in_Black_b4ADzYywRHl
GoPro_HERO3_Composite_Cable
Olive_Kids_Dinosaur_Land_Sidekick_Backpack
Reebok_REALFLEX_SELECT
Wishbone_Pencil_Case
Ecoforms_Plant_Container_S14Turquoise
Philips_EcoVantage_43_W_Light_Bulbs_Natural_Light_2_pack
Sootheze_Cold_Therapy_Elephant
Vtech_Roll_Learn_Turtle
Mens_Mako_Canoe_Moc_2Eye_Boat_Shoe_in_Coffee_9d05GG33QQQ
Ortho_Forward_Facing_QCaor9ImJ2G
D_ROSE_ENGLEWOOD_II
50_BLOCKS
Office_Depot_Canon_CLI_221BK_Ink_Cartridge_Black_2946B001
Mens_ASV_Billfish_Boat_Shoe_in_Tan_Leather_wmUJ5PbwANc
Ecoforms_Plant_Container_SB9Turquoise
Big_O_Sponges_Assorted_Cellulose_12_pack
Mattel_SKIP_BO_Card_Game
Crayola_Crayons_120_crayons
JS_WINGS_20_BLACK_FLAG
5_HTP
Poise_Ultimate_Pads_Long
My_Monopoly_Board_Game
Mens_Tremont_Kiltie_Tassel_Loafer_in_Black_Amaretto
Pass_The_Popcorn_Movie_Guessing_Game
Ecoforms_Plant_Saucer_S17MOCHA
Room_Essentials_Salad_Plate_Turquoise
GRANDMOTHER
FISHING_GAME
Mist_Wipe_Warmer
TriStar_Products_PPC_Power_Pressure_Cooker_XL_in_Black
LEGO_Creationary_Game_ZJa163wlWp2
Timberland_Mens_Earthkeepers_Newmarket_6Inch_Cupsole_Boot
Crazy_8
Olive_Kids_Game_On_Munch_n_Lunch
Vtech_Stack_Sing_Rings_636_Months
Melissa_Doug_See_Spell
LEGO_Creationary_Game
3M_Antislip_Surfacing_Light_Duty_White
Fujifilm_instax_SHARE_SP1_10_photos
D_ROSE_773_II_Kqclsph05pE
Melissa_Doug_Traffic_Signs_and_Vehicles
Polar_Herring_Fillets_Smoked_Peppered_705_oz_total
ASICS_GELTour_Lyte_WhiteOrchidSilver
Schleich_Spinosaurus_Action_Figure
Mens_Gold_Cup_ASV_Capetown_Penny_Loafer_in_Black_GkQBKqABeQN
FIRE_ENGINE
Mens_Mako_Canoe_Moc_2Eye_Boat_Shoe_in_Coffee_K9e8FoV73uZ
Vans_Cereal_Honey_Nut_Crunch_11_oz_box
PureConnect_2_Color_AnthrcteKnckoutPnkGrnGecko_Size_50
Womens_Bluefish_2Eye_Boat_Shoe_in_Linen_Oat_IbrSyJdpT3h
MONKEY_BOWLING
Beetle_Adventure_Racing_Nintendo_64
Marc_Anthony_True_Professional_Strictly_Curls_Curl_Defining_Lotion
Organic_Whey_Protein_Unflavored
Olive_Kids_Birdie_Munch_n_Lunch
Perricoen_MD_No_Concealer_Concealer
Android_Lego
Timberland_Mens_Earthkeepers_Stormbuck_Plain_Toe_Oxford
Paper_Mario_Sticker_Star_Nintendo_3DS_Game
Racoon
CoQ10_BjTLbuRVt1t
Tory_Burch_Reva_Metal_Logo_Litus_Snake_Print_in_dark_BranchGold
Markings_Desk_Caddy
Nestle_Skinny_Cow_Dreamy_Clusters_Candy_Dark_Chocolate_6_pack_1_oz_pouches
Remington_1_12_inch_Hair_Straightener
CoQ10_wSSVoxVppVD
Persona_Q_Shadow_of_the_Labyrinth_Nintendo_3DS
Grand_Prix
Womens_Hikerfish_Boot_in_Linen_Leather_Sparkle_Suede_QktIyAkonrU
Quercetin_500
Tag_Dishtowel_18_x_26
Great_Jones_Wingtip_j5NV8GRnitM
Cascadia_8_Color_AquariusHibscsBearingSeaBlk_Size_50
Chelsea_lo_fl_rdheel_zAQrnhlEfw8
Romantic_Blush_Tieks_Metallic_Italian_Leather_Ballet_Flats
LTyrosine
Whey_Protein_3_Flavor_Variety_Pack_12_Packets
Now_Designs_Bowl_Akita_Black
Matte_Black_Tieks_Italian_Leather_Ballet_Flats
Perricone_MD_Chia_Serum
Ecoforms_Quadra_Saucer_SQ1_Avocado
Gigabyte_GA78LMTUSB3_50_Motherboard_Micro_ATX_Socket_AM3
SANDWICH_MEAL
Cole_Hardware_School_Bell_Solid_Brass_38
GEOMETRIC_SORTING_BOARD
FemDophilus
Transformers_Age_of_Extinction_Stomp_and_Chomp_Grimlock_Figure
PureCadence_2_Color_HiRskRedNghtlfeSlvrBlckWht_Size_70
Womens_Teva_Capistrano_Bootie
BIA_Porcelain_Ramekin_With_Glazed_Rim_35_45_oz_cup
LEGO_Duplo_Creative_Animals_10573
Super_Mario_3D_World_Deluxe_Set_yThuvW9vZed
Whey_Protein_Chocolate_12_Packets
Nikon_1_AW1_w11275mm_Lens_Silver
Office_Depot_Canon_PGI22_Remanufactured_Ink_Cartridge_Black
Ecoforms_Plant_Container_S24NATURAL
Epson_Ink_Cartridge_126_Yellow
TABLEWARE_SET_5CHkPjjxVpp
Black_Forest_Fruit_Snacks_Juicy_Filled_Centers_10_pouches_9_oz_total
TROCHILUS_BOOST
Threshold_Bistro_Ceramic_Dinner_Plate_Ruby_Ring
Asus_Z97AR_LGA_1150_Intel_ATX_Motherboard
Little_Debbie_Cloud_Cakes_10_ct
PureConnect_2_Color_BlckBrllntBluNghtlfeAnthrct_Size_70
Winning_Moves_1180_Aggravation_Board_Game
Marc_Anthony_Skip_Professional_Oil_of_Morocco_Conditioner_with_Argan_Oil
Nintendo_Yoshi_Action_Figure
Canon_Pixma_Ink_Cartridge_8_Red
Perricone_MD_Omega_3_Supplements
Teenage_Mutant_Ninja_Turtles_Rahzar_Action_Figure
Reebok_ALLYLYNN
Mens_Authentic_Original_Boat_Shoe_in_Navy_Leather_RpT4GvUXRRP
Womens_Angelfish_Boat_Shoe_in_Linen_Leopard_Sequin_NJDwosWNeZz
Reebok_HIMARA_LTR
Fresca_Peach_Citrus_Sparkling_Flavored_Soda_12_PK
Threshold_Hand_Towel_Blue_Medallion_16_x_27
Dino_5
Now_Designs_Dish_Towel_Mojave_18_x_28
AllergenFree_JarroDophilus
LADYBUG_BEAD
Now_Designs_Snack_Bags_Bicycle_2_count
Reebok_SOMERSET_RUN
Canon_Pixma_Ink_Cartridge_Cyan_251
ASICS_GELBlur33_20_GS_BlackWhiteSafety_Orange
45oz_RAMEKIN_ASST_DEEP_COLORS
SIT_N_WALK_PUPPY
Brother_LC_1053PKS_Ink_Cartridge_CyanMagentaYellow_1pack
CREATIVE_BLOCKS_35_MM
Mens_Billfish_3Eye_Boat_Shoe_in_Dark_Tan_wyns9HRcEuH
Womens_Betty_Chukka_Boot_in_Grey_Jersey_Sequin
Canon_Pixma_Chromalife_100_Magenta_8
Kanex_MultiSync_Wireless_Keyboard
Asus_80211ac_DualBand_Gigabit_Wireless_Router_RTAC68R
Crayola_Bonus_64_Crayons
Glycerin_11_Color_BrllntBluSkydvrSlvrBlckWht_Size_80
Great_Dinos_Triceratops_Toy
My_First_Rolling_Lion
Epson_273XL_Ink_Cartridge_Magenta
Cole_Hardware_Deep_Bowl_Good_Earth_1075
Animal_Planet_Foam_2Headed_Dragon
HP_Card_Invitation_Kit
Black_Decker_CM2035B_12Cup_Thermal_Coffeemaker
Just_For_Men_ShampooIn_Haircolor_Jet_Black_60
Lavender_Snake_Tieks_Snake_Print_Ballet_Flats
Lalaloopsy_Peanut_Big_Top_Tricycle
The_Scooper_Hooper
Nestl_Crunch_Girl_Scouts_Cookie_Flavors_Caramel_Coconut_78_oz_box
Toysmith_Windem_Up_Flippin_Animals_Dog
Hefty_Waste_Basket_Decorative_Bronze_85_liter
Sony_Downloadable_Loops
Ecoforms_Plant_Container_B4_Har
UGG_Classic_Tall_Womens_Boots_Grey_7
Connect_4_Launchers
HELICOPTER
TWIST_SHAPE
U_By_Kotex_Cleanwear_Heavy_Flow_Pads_32_Ct
Nestle_Nesquik_Chocolate_Powder_Flavored_Milk_Additive_109_Oz_Canister
Mens_Santa_Cruz_Thong_in_Chocolate_lvxYW7lek6B
CHICKEN_RACER
Thomas_Friends_Wooden_Railway_Porter_5JzRhMm3a9o
Cole_Hardware_Mini_Honey_Dipper
My_Little_Pony_Princess_Celestia
MINI_ROLLER
FOOD_BEVERAGE_SET
Diamond_Visions_Scissors_Red
Cole_Hardware_Hammer_Black
Pepsi_Cola_Caffeine_Free_12_12_fl_oz_355_ml_cans_144_fl_oz_426_lt
Office_Depot_HP_61Tricolor_Ink_Cartridge
Womens_Teva_Capistrano_Bootie_ldjRT9yZ5Ht
KS_Chocolate_Cube_Box_Assortment_By_Neuhaus_2010_Ounces
Rexy_Glove_Heavy_Duty_Gloves_Medium
Predator_LZ_TRX_FG
Reebok_DMX_MAX_PLUS_RAINWALKER
Office_Depot_Dell_Series_9_Ink_Cartridge_Black_MK992
Breyer_Horse_Of_The_Year_2015
Theanine
Perricone_MD_Vitamin_C_Ester_Serum
Simon_Swipe_Game
INTERNATIONAL_PAPER_Willamette_4_Brown_Bag_500Count
Deskstar_Desk_Top_Hard_Drive_1_TB
Timberland_Womens_Waterproof_Nellie_Chukka_Double
Perricone_MD_No_Mascara_Mascara
Santa_Cruz_Mens_umxTczr1Ygg
Super_Mario_3D_World_Deluxe_Set
Ecoforms_Saucer_SQ3_Turquoise
Cole_Hardware_Flower_Pot_1025
Orbit_Bubblemint_Mini_Bottle_6_ct
Metallic_Gold_Tieks_Italian_Leather_Ballet_Flats
BATHROOM_CLASSIC
Mad_Gab_Refresh_Card_Game
Shurtape_Tape_Purple_CP28
Nestle_Carnation_Cinnamon_Coffeecake_Kit_1913OZ
Saccharomyces_Boulardii_MOS_Value_Size
SORTING_BUS
OWL_SORTER
SUPERSTAR_CLR
Adrenaline_GTS_13_Color_WhtObsdianBlckOlmpcSlvr_Size_70
Womens_Betty_Chukka_Boot_in_Navy_aEE8OqvMII4
Crunch_Girl_Scouts_Candy_Bars_Peanut_Butter_Creme_78_oz_box
Starstruck_Tieks_Glittery_Gold_Italian_Leather_Ballet_Flats
Hasbro_Trivial_Pursuit_Family_Edition_Game
Just_For_Men_ShampooIn_Haircolor_Light_Brown_25
Twinlab_100_Whey_Protein_Fuel_Chocolate
Object
JarroDophilusFOS_Value_Size
Reebok_ZIGLITE_RUSH_AC
FAIRY_TALE_BLOCKS
Reebok_CLASSIC_LEGACY_II
Razer_Kraken_71_Chroma_headset_Full_size_Black
Epson_Ink_Cartridge_Black_200
Sea_to_Summit_Xl_Bowl
Nestle_Candy_19_oz_Butterfinger_Singles_116567
Office_Depot_Dell_Series_1_Remanufactured_Ink_Cartridge_TriColor
ASICS_GELAce_Pro_Pearl_WhitePink
Transformers_Age_of_Extinction_Mega_1Step_Bumblebee_Figure
Bradshaw_International_11642_7_Qt_MP_Plastic_Bowl
Frozen_Olafs_In_Trouble_PopOMatic_Game
Mens_Authentic_Original_Boat_Shoe_in_Navy_Leather_NHHQddDLQys
Nips_Hard_Candy_Rich_Creamy_Butter_Rum_4_oz_1133_g
Poppin_File_Sorter_Blue
Embark_Lunch_Cooler_Blue
Nescafe_Tasters_Choice_Instant_Coffee_Decaf_House_Blend_Light_7_oz
Ghost_6_Color_BlckWhtLavaSlvrCitrus_Size_80
Womens_Sparkle_Suede_Bahama_in_Silver_Sparkle_Suede_Grey_Patent_tYrIBLMhSTN
Cole_Hardware_Saucer_Electric
LEGO_Star_Wars_Advent_Calendar
Office_Depot_HP_564XL_Remanufactured_Ink_Cartridges_Color_Cyan_Magenta_Yellow_3_count
Crayola_Model_Magic_Modeling_Material_White_3_oz
Marvel_Avengers_Titan_Hero_Series_Doctor_Doom
Reebok_BREAKPOINT_MID
Object_REmvBDJStub
Perricone_MD_Best_of_Perricone_7Piece_Collection_MEGsO6GIsyL
Wilton_Easy_Layers_Cake_Pan_Set
Perricone_MD_Nutritive_Cleanser
PETS_ACCESSORIES
ASICS_GELLinksmaster_WhiteRasberryGunmetal
Hasbro_Dont_Wake_Daddy_Board_Game
Lego_Friends_Advent_Calendar
TZX_Runner
Inositol
Nintendo_Mario_Action_Figure
Utana_5_Porcelain_Ramekin_Large
Timberland_Mens_Earthkeepers_Stormbuck_Chukka
HP_1800_Tablet_8GB_7
SAMBA_HEMP
DRAGON_W
ASICS_GELBlur33_20_GS_Flash_YellowHot_PunchSilver
adizero_F50_TRX_FG_LEA
Ubisoft_RockSmith_Real_Tone_Cable_Xbox_360
Ghost_6_GTX_Color_AnthBlckSlvrFernSulphSprng_Size_80
In_Green_Company_Surface_Saver_Ring_10_Terra_Cotta
Mens_Gold_Cup_ASV_Capetown_Penny_Loafer_in_Black_EjPnk3E8fCs
Dell_Series_9_Color_Ink_Cartridge_MK993_High_Yield
Ecoforms_Plant_Container_FB6_Tur
Mens_Santa_Cruz_Thong_in_Tan_r59C69daRPh
Android_Figure_Orange
Krill_Oil
CITY_TAXI_POLICE_CAR
TOP_TEN_HI
Threshold_Tray_Rectangle_Porcelain
Reebok_BREAKPOINT_LO_2V
Lutein
Hasbro_Dont_Wake_Daddy_Board_Game_NJnjGna4u1a
Cream_Tieks_Italian_Leather_Ballet_Flats
ASICS_GELChallenger_9_Royal_BlueWhiteBlack
MARTIN_WEDGE_LACE_BOOT
Crazy_Shadow_2
Twinlab_100_Whey_Protein_Fuel_Cookies_and_Cream
YumYum_D3_Liquid
Reebok_GL_6000
REEF_BRAIDED_CUSHION
Reebok_FS_HI_MINI
CASTLE_BLOCKS
Razer_Goliathus_Control_Edition_Small_Soft_Gaming_Mouse_Mat
Reebok_COMFORT_REEFRESH_FLIP
JUNGLE_HEIGHT
Perricone_MD_The_Crease_Cure_Duo
Twinlab_100_Whey_Protein_Fuel_Vanilla
Gigabyte_GAZ97XSLI_10_motherboard_ATX_LGA1150_Socket_Z97
Animal_Crossing_New_Leaf_Nintendo_3DS_Game
Chelsea_BlkHeelPMP_DwxLtZNxLZZ
Mario_Luigi_Dream_Team_Nintendo_3DS_Game
Cole_Hardware_Electric_Pot_Assortment_55
Weisshai_Great_White_Shark
Pepsi_Cola_Wild_Cherry_Diet_12_12_fl_oz_355_ml_cans_144_fl_oz_426_lt
Air_Hogs_Wind_Flyers_Set_Airplane_Red
Womens_Cloud_Logo_Authentic_Original_Boat_Shoe_in_Black_Supersoft_cZR022qFI4k
Cole_Hardware_Electric_Pot_Cabana_55
Timberland_Mens_Earthkeepers_Casco_Bay_Suede_1Eye
Schleich_Hereford_Bull
Perricone_MD_Health_Weight_Management_Supplements
Marc_Anthony_Strictly_Curls_Curl_Envy_Perfect_Curl_Cream_6_fl_oz_bottle
Office_Depot_HP_75_Remanufactured_Ink_Cartridge_TriColor
Melissa_Doug_Pattern_Blocks_and_Boards
Seagate_1TB_Wireless_Plus_mobile_device_storage
Epson_LabelWorks_LC5WBN9_Tape_reel_labels_071_x_295_Roll_Black_on_White
Circo_Fish_Toothbrush_Holder_14995988
Hasbro_Life_Board_Game
Sootheze_Toasty_Orca
Arm_Hammer_Diaper_Pail_Refills_12_Pack_MFWkmoweejt
FRUIT_VEGGIE_MEMO_GRADIENT
Ultra_JarroDophilus
Womens_Authentic_Original_Boat_Shoe_in_Classic_Brown_Leather
Asus_X99Deluxe_Motherboard_ATX_LGA2011v3_Socket
Superman_Battle_of_Smallville
Schleich_S_Bayala_Unicorn_70432
Womens_Sequin_Bahama_in_White_Sequin_yGVsSA4tOwJ
PHEEHAN_RUN
Diet_Pepsi_Soda_Cola12_Pack_12_oz_Cans
Horses_in_Pink_Pencil_Case
Don_Franciscos_Gourmet_Coffee_Medium_Decaf_100_Colombian_12_oz_340_g
Firefly_Clue_Board_Game
FIRE_TRUCK
Womens_Betty_Chukka_Boot_in_Navy_Jersey_Sequin_y0SsHk7dKUX
WHALE_WHISTLE_6PCS_SET
CHILDREN_BEDROOM_CLASSIC
Canon_225226_Ink_Cartridges_BlackColor_Cyan_Magenta_Yellow_6_count
Wilton_Pearlized_Sugar_Sprinkles_525_oz_Gold
Clue_Board_Game_Classic_Edition
CHICKEN_NESTING
GIRLS_DECKHAND
Xyli_Pure_Xylitol
3D_Dollhouse_Swing
Supernatural_Ouija_Board_Game
Germanium_GE132
Office_Depot_Dell_Series_9_Color_Ink_Ink_Cartridge_MK991_MK993
Squirtin_Barnyard_Friends_4pk
Pinwheel_Pencil_Case
Focus_8643_Lime_Squeezer_10x35x188_Enamelled_Aluminum_Light
Just_For_Men_Shampoo_In_Haircolor_Darkest_Brown_50
Top_Paw_Dog_Bow_Bone_Ceramic_13_fl_oz_total
Shurtape_30_Day_Removal_UV_Delct_15
Imaginext_Castle_Ogre
Reebok_SH_COURT_MID_II
Perricone_MD_No_Foundation_Foundation_No_1
Nickelodeon_Teenage_Mutant_Ninja_Turtles_Leonardo
Rubbermaid_Large_Drainer
Office_Depot_Canon_PG_240XL_Ink_Cartridge_Black_5206B001
BUNNY_RATTLE
Brother_Printing_Cartridge_PC501
Olive_Kids_Dinosaur_Land_Lunch_Box
Thomas_Friends_Wooden_Railway_Talking_Thomas_z7yi7UFHJRj
3D_Dollhouse_TablePurple
BUNNY_RACER
Perricone_MD_OVM
Mens_Billfish_Slip_On_in_Tan_Beige_aaVUk0tNTv8
GRANDFATHER_DOLL
ClimaCool_Aerate_2_W_Wide
Threshold_Basket_Natural_Finish_Fabric_Liner_Small
PureCadence_2_Color_TleBluLmePnchSlvMoodIndgWh_Size_50_EEzAfcBfHHO
Ecoforms_Plant_Plate_S11Turquoise
Pokémon_Omega_Ruby_Alpha_Sapphire_Dual_Pack_Nintendo_3DS
Digital_Camo_Double_Decker_Lunch_Bag
Epson_LabelWorks_LC4WBN9_Tape_reel_labels_047_x_295_Roll_Black_on_White
Threshold_Ramekin_White_Porcelain
OXO_Cookie_Spatula
Olive_Kids_Dinosaur_Land_Pack_n_Snack
Tag_Dishtowel_Waffle_Gray_Checks_18_x_26
Womens_Cloud_Logo_Authentic_Original_Boat_Shoe_in_Black_Supersoft_8LigQYwf4gr
Big_Dot_Pink_Pencil_Case
Perricone_MD_No_Lipstick_Lipstick
Android_Figure_Panda
Paul_Frank_Dot_Lunch_Box
Ortho_Forward_Facing_3Q6J2oKJD92
Vtech_Cruise_Learn_Car_25_Years
Olive_Kids_Mermaids_Pack_n_Snack_Backpack
Canon_Pixma_Ink_Cartridge_8
Little_Debbie_Chocolate_Cupcakes_8_ct
Ecoforms_Plant_Container_URN_NAT
Reebok_VERSA_TRAIN
Pennington_Electric_Pot_Cabana_4
Tieks_Ballet_Flats_Electric_Snake
DINING_ROOM_CLASSIC
Big_Dot_Aqua_Pencil_Case
Nickelodeon_Teenage_Mutant_Ninja_Turtles_Raphael
Rose_Garden_Tieks_Leather_Ballet_Flats_with_Floral_Rosettes
Spectrum_Wall_Mount
TOOL_BELT
Netgear_Ac1750_Router_Wireless_Dual_Band_Gigabit_Router
Metallic_Pewter_Tieks_Italian_Leather_Ballet_Flats
Tena_Pads_Heavy_Long_42_pads
Rayna_BootieWP
Azure_Snake_Tieks_Leather_Snake_Print_Ballet_Flats
Granimals_20_Wooden_ABC_Blocks_Wagon
Reebok_CL_DIBELLO_II
Office_Depot_Dell_Series_5_Remanufactured_Ink_Cartridge_Black
Ortho_Forward_Facing_CkAW6rL25xH
Sapota_Threshold_4_Ceramic_Round_Planter_Red
Ecoforms_Garden_Pot_GP16ATurquois
GEOMETRIC_PEG_BOARD
RedBlack_Nintendo_3DSXL
Cole_Hardware_Plant_Saucer_Brown_125
NattoMax
Office_Depot_HP_98_Remanufactured_Ink_Cartridge_Black
Reebok_ZIGSTORM
Folic_Acid
Mens_Bahama_in_White_vSwvGMCo32f
U_By_Kotex_Sleek_Regular_Unscented_Tampons_36_Ct_Box
LEGO_Duplo_Build_and_Play_Box_4629
30_CONSTRUCTION_SET
Timberland_Womens_Classic_Amherst_2Eye_Boat_Shoe
Corningware_CW_by_Corningware_3qt_Oblong_Casserole_Dish_Blue
Reebok_ZIGLITE_RUSH
Threshold_Porcelain_Teapot_White
Down_To_Earth_Orchid_Pot_Ceramic_Red
My_First_Wiggle_Crocodile
Reebok_SH_PRIME_COURT_MID
Reebok_PUMP_OMNI_LITE_HLS
Craftsman_Grip_Screwdriver_Phillips_Cushion
Ecoforms_Plant_Container_Urn_55_Avocado
Womens_Sparkle_Suede_Bahama_in_Silver_Sparkle_Suede_Grey_Patent_x9rclU7EJXx
60_CONSTRUCTION_SET
Office_Depot_Dell_Series_1_Remanufactured_Ink_Cartridge_Black
Pokémon_Yellow_Special_Pikachu_Edition_Nintendo_Game_Boy_Color
adizero_5Tool_25
Reebok_CL_LTHR_R12
adistar_boost_m
Melissa_Doug_Pound_and_Roll
Balderdash_Game
Ecoforms_Planter_Pot_QP6Ebony
Timberland_Womens_Earthkeepers_Classic_Unlined_Boat_Shoe
Reebok_SMOOTHFLEX_CUSHRUN_20
Curver_Storage_Bin_Black_Small
TERREX_FAST_R
Cole_Hardware_Bowl_Scirocco_YellowBlue
Womens_Canvas_Bahama_in_White_4UyOhP6rYGO
Star_Wars_Rogue_Squadron_Nintendo_64
SAMe_200
VEGETABLE_GARDEN
Ecoforms_Planter_Pot_GP12AAvocado
CLIMACOOL_BOAT_BREEZE_IE6CyqSaDwN
Hilary
Little_Big_Planet_3_Plush_Edition
BALANCING_CACTUS
Brother_Ink_Cartridge_Magenta_LC75M
Playmates_nickelodeon_teenage_mutant_ninja_turtles_shredder
Pony_C_Clamp_1440
REEF_BANTU
Asus_Z97IPLUS_Motherboard_Mini_ITX_LGA1150_Socket
Mens_RR_Moc_in_Navy_Suede_vmFfijhBzL3
Luigis_Mansion_Dark_Moon_Nintendo_3DS_Game
Womens_Authentic_Original_Boat_Shoe_in_Navy_Deerskin_50lWJaLWG8R
JA_Henckels_International_Premio_Cutlery_Block_Set_14Piece
Mario_Party_9_Wii_Game
Predito_LZ_TRX_FG_W
Womens_Angelfish_Boat_Shoe_in_Linen_Oat
Borage_GLA240Gamma_Tocopherol
DPC_Handmade_Hat_Brown
Little_House_on_the_Prairie_Season_Two_5_Discs_Includes_Digital
Reebok_RETRO_RUSH_2V
Ecoforms_Plant_Saucer_S14NATURAL
Mens_Tremont_Kiltie_Tassel_Loafer_in_Black_Amaretto_FT0I9OjSA6O
Organic_Whey_Protein_Vanilla
Olive_Kids_Paisley_Pencil_Case
Clorox_Premium_Choice_Gloves_SM_1_pair
SHAPE_MATCHING
ENFR_MID_ENFORCER
Samsung_CLTC406S_Toner_Cartridge_Cyan_1pack
QAbsorb_CoQ10
ZX700_mzGbdP3u6JB
Ecoforms_Plant_Container_Urn_55_Mocha
Nintendo_Wii_Party_U_with_Controller_Wii_U_Game
Reebok_ZIGTECH_SHARK_MAYHEM360
Hasbro_Cranium_Performance_and_Acting_Game
Threshold_Textured_Damask_Bath_Towel_Pink
BIRD_RATTLE
Tiek_Blue_Patent_Tieks_Italian_Leather_Ballet_Flats
BAGEL_WITH_CHEESE
Perricone_MD_The_Power_Treatments
Reebok_FS_HI_INT_R12
BUILD_A_ROBOT
3D_Dollhouse_Sofa
Womens_Canvas_Bahama_in_White_UfZPHGQpvz0
Retail_Leadership_Summit_eCT3zqHYIkX
Ecoforms_Plant_Container_Quadra_Turquoise_QP12
Office_Depot_HP_950XL_Ink_Cartridge_Black_CN045AN
POUNDING_MUSHROOMS
ASICS_GEL1140V_WhiteRoyalSilver
Hey_You_Pikachu_Nintendo_64
TABLEWARE_SET_5ww1UFLuCJG
Ecoforms_Plant_Container_QP6CORAL
Ecoforms_Planter_Bowl_Cole_Hardware
Canon_Pixma_Ink_Cartridge_8_Green
Mens_Authentic_Original_Boat_Shoe_in_Navy_Leather_xgoEcZtRNmH
Nordic_Ware_Original_Bundt_Pan
Melissa_Doug_Cart_Turtle_Block
Seagate_Archive_HDD_8_TB_Internal_hard_drive_SATA_6Gbs_35_ST8000AS0002
Womens_Hikerfish_Boot_in_Black_Leopard_ridcCWsv8rW
QHPomegranate
Tag_Dishtowel_Green
Google_Cardboard_Original_package
Reebok_KAMIKAZE_II_MID
Design_Ideas_Drawer_Store_Organizer
Razer_Taipan_Black_Ambidextrous_Gaming_Mouse
White_Rose_Tieks_Leather_Ballet_Flats_with_Floral_Rosettes
TURBOPROP_AIRPLANE_WITH_PILOT
Seagate_1TB_Backup_Plus_portable_drive_for_Mac
Threshold_Porcelain_Pitcher_White
MY_MOOD_MEMO
Perricone_MD_Cold_Plasma_Body
Office_Depot_Canon_CL211XL_Remanufactured_Ink_Cartridge_TriColor
Thomas_Friends_Wooden_Railway_Deluxe_Track_Accessory_Pack
Court_Attitude
Office_Depot_HP_71_Remanufactured_Ink_Cartridge_Black
Mens_Wave_Driver_Kiltie_Moc_in_Tan_Leather
ProSport_Harness_to_Booster_Seat
Chelsea_lo_fl_rdheel_nQ0LPNF1oMw
Chef_Style_Round_Cake_Pan_9_inch_pan
SNAIL_MEASURING_TAPE
Office_Depot_Canon_CL_41_Remanufactured_Ink_Cartridge_TriColor
SCHOOL_BUS
BRAILLE_ALPHABET_AZ
NUTS_BOLTS
Reebok_ZIGCOOPERSTOWN_QUAG
Black_Decker_Stainless_Steel_Toaster_4_Slice
Weston_No_22_Cajun_Jerky_Tonic_12_fl_oz_nLj64ZnGwDh
Threshold_Porcelain_Coffee_Mug_All_Over_Bead_White
Ecoforms_Plant_Pot_GP9_SAND
BABY_CAR
Ecoforms_Plant_Pot_GP9AAvocado
Gigabyte_GA970AUD3P_10_Motherboard_ATX_Socket_AM3
Jarrow_Formulas_Glucosamine_Hci_Mega_1000_100_ct
SpiderMan_Titan_Hero_12Inch_Action_Figure_5Hnn4mtkFsP
AMBERLIGHT_UP_W
Nescafe_16Count_Dolce_Gusto_Cappuccino_Capsules
Guardians_of_the_Galaxy_Galactic_Battlers_Rocket_Raccoon_Figure
Pepsi_Max_Cola_Zero_Calorie_12_12_fl_oz_355_ml_cans_144_fl_oz_426_lt
11pro_SL_TRX_FG
Office_Depot_Canon_CLI_8CMY_Remanufactured_Ink_Cartridges_Color_Cyan_Magenta_Yellow_3_count
Santa_Cruz_Mens_G7kQXK7cIky
Office_Depot_Dell_Series_11_Remanufactured_Ink_Cartridge_TriColor
Cootie_Game
Sonicare_2_Series_Toothbrush_Plaque_Control
KITCHEN_SET_CLASSIC_40HwCHfeG0H
Timberland_Mens_Earthkeepers_Casco_Bay_Canvas_Oxford
Womens_Hikerfish_Boot_in_Linen_Leather_Sparkle_Suede_imlP8VkwqIH
Tory_Burch_Sabe_65mm_Bootie_Split_Suede_in_Caramel
Womens_Bluefish_2Eye_Boat_Shoe_in_Linen_Oat
Phillips_Caplets_Size_24
GEOMETRIC_SORTING_BOARD_MNi4Rbuz9vj
Perricone_MD_Skin_Clear_Supplements
CHILDRENS_ROOM_NEO
Nickelodeon_Teenage_Mutant_Ninja_Turtles_Michelangelo
Crazy_Shadow_2_oW4Jd10HFFr
SHAPE_MATCHING_NxacpAY9jDt
Nestle_Raisinets_Milk_Chocolate_35_oz_992_g
Tetris_Link_Game
Reebok_R_DANCE_FLASH
Reebok_SH_PRIME_COURT_LOW
3D_Dollhouse_Happy_Brother
UGG_Bailey_Bow_Womens_Clogs_Black_7
Cole_Hardware_Saucer_Glazed_6
Mastic_Gum
W_Lou_z0dkC78niiZ
CONE_SORTING_kg5fbARBwts
Womens_Bluefish_2Eye_Boat_Shoe_in_Brown_Deerskin_JJ2pfEHTZG7
Phillips_Milk_of_Magnesia_Saline_Laxative_Liquid_Original
SPEED_BOAT
Travel_Mate_P_series_Notebook
Room_Essentials_Mug_White_Yellow
Whey_Protein_Vanilla
Razer_Abyssus_Ambidextrous_Gaming_Mouse
Calphalon_Kitchen_Essentials_12_Cast_Iron_Fry_Pan_Black
Reebok_SH_NEWPORT_LOW
TERREX_FAST_X_GTX
3M_Vinyl_Tape_Green_1_x_36_yd
Office_Depot_HP_932XL_Ink_Cartridge_Black_CN053A
Ecoforms_Pot_Nova_6_Turquoise
Office_Depot_Canon_CLI36_Remanufactured_Ink_Cartridge_TriColor
Mens_Santa_Cruz_Thong_in_Chocolate_La1fo2mAovE
TEA_SET
Kotobuki_Saucer_Dragon_Fly
LEGO_5887_Dino_Defense_HQ
BEDROOM_CLASSIC
Pepsi_Caffeine_Free_Diet_12_CT
Womens_Bluefish_2Eye_Boat_Shoe_in_Brown_Deerskin_i1TgjjO0AKY
Ravenna_4_Color_WhtOlyBluBlkShkOrngSlvRdO_Size_70
Seagate_1TB_Backup_Plus_portable_drive_Blue
Womens_Bluefish_2Eye_Boat_Shoe_in_Linen_Natural_Sparkle_Suede_w34KNQ41csH
Perricone_MD_Super_Berry_Powder_with_Acai_Supplements
Cole_Hardware_Mug_Classic_Blue
COAST_GUARD_BOAT
Asus_M5A78LMUSB3_Motherboard_Micro_ATX_Socket_AM3
SAMOA
Blackcurrant_Lutein
Nestl_Skinny_Cow_Heavenly_Crisp_Candy_Bar_Chocolate_Raspberry_6_pack_462_oz_total
Nickelodeon_The_Spongebob_Movie_PopAPart_Spongebob
Cole_Hardware_Antislip_Surfacing_Material_White
Timberland_Mens_Earthkeepers_Heritage_2Eye_Boat_Shoe
Victor_Reversible_Bookend
Leap_Frog_Paint_Dabber_Dot_Art_5_paint_bottles